Beginning Test, file ESMC_BaseUTest.C, line 143
NUMBER_OF_PROCESSORS 4
Beginning Test, file ESMC_BaseUTest.C, line 143
NUMBER_OF_PROCESSORS 4
Beginning Test, file ESMC_BaseUTest.C, line 143
NUMBER_OF_PROCESSORS 4
Beginning Test, file ESMC_BaseUTest.C, line 143
NUMBER_OF_PROCESSORS 4
PASS testSerializeDeserialize, ESMC_BaseUTest.C, line 150
PASS testSerializeDeserialize, ESMC_BaseUTest.C, line 150
Ending Test, file ESMC_BaseUTest.C, line 154
PASS testSerializeDeserialize, ESMC_BaseUTest.C, line 150
Ending Test, file ESMC_BaseUTest.C, line 154
Ending Test, file ESMC_BaseUTest.C, line 154
PASS testSerializeDeserialize, ESMC_BaseUTest.C, line 150
Ending Test, file ESMC_BaseUTest.C, line 154
 PET 0 Test Elapsed Time  148.853000 msec.
 PET 2 Test Elapsed Time  155.471000 msec.
 PET 1 Test Elapsed Time  144.920000 msec.
 PET 3 Test Elapsed Time  140.129000 msec.
