  Beginning Test, file ESMF_ProfileUTest.F90, line 64
  Beginning Test, file ESMF_ProfileUTest.F90, line 64
  NUMBER_OF_PROCESSORS           8
  Beginning Test, file ESMF_ProfileUTest.F90, line 64
  NUMBER_OF_PROCESSORS           8
  Beginning Test, file ESMF_ProfileUTest.F90, line 64
  NUMBER_OF_PROCESSORS           8
  Beginning Test, file ESMF_ProfileUTest.F90, line 64
  NUMBER_OF_PROCESSORS           8
  Beginning Test, file ESMF_ProfileUTest.F90, line 64
  NUMBER_OF_PROCESSORS           8
  Beginning Test, file ESMF_ProfileUTest.F90, line 64
  NUMBER_OF_PROCESSORS           8
  NUMBER_OF_PROCESSORS           8
  Beginning Test, file ESMF_ProfileUTest.F90, line 64
  NUMBER_OF_PROCESSORS           8
  PASS  Test trace user region enter, ESMF_ProfileUTest.F90, line 80
  PASS  Test trace user region enter, ESMF_ProfileUTest.F90, line 80
  PASS  Test trace user region enter, ESMF_ProfileUTest.F90, line 80
  PASS  Test trace user region enter, ESMF_ProfileUTest.F90, line 80
  PASS  Test trace user region exit, ESMF_ProfileUTest.F90, line 88
  PASS  Test trace user region enter, ESMF_ProfileUTest.F90, line 80
  PASS  Test trace user region exit, ESMF_ProfileUTest.F90, line 88
  PASS  Test trace user region enter, ESMF_ProfileUTest.F90, line 80
  PASS  Test trace user region exit, ESMF_ProfileUTest.F90, line 88
  PASS  Test trace user region enter, ESMF_ProfileUTest.F90, line 80
  PASS  Test trace user region exit, ESMF_ProfileUTest.F90, line 88
  PASS  Test trace user region enter, ESMF_ProfileUTest.F90, line 80
  PASS  Test trace user region exit, ESMF_ProfileUTest.F90, line 88
  PASS  Test trace user region exit, ESMF_ProfileUTest.F90, line 88
  PASS  Test trace user region exit, ESMF_ProfileUTest.F90, line 88
  PASS  Test trace user region exit, ESMF_ProfileUTest.F90, line 88
 Inside Init
 Inside Init
 Inside Init
 Inside Init
 Inside Init
 Inside Init
 Inside Init
 Inside Init
 Inside Finalize
 Inside Finalize
 Inside Finalize
 Inside Finalize
 Inside Finalize
 Inside Finalize
 Inside Finalize
 Inside Finalize
  PASS  Test trace phase enter/exit, ESMF_ProfileUTest.F90, line 116
  PASS  Test trace phase enter/exit, ESMF_ProfileUTest.F90, line 116
  PASS  Test trace phase enter/exit, ESMF_ProfileUTest.F90, line 116
  PASS  Test trace phase enter/exit, ESMF_ProfileUTest.F90, line 116
  PASS  Test trace phase enter/exit, ESMF_ProfileUTest.F90, line 116
  PASS  Test trace phase enter/exit, ESMF_ProfileUTest.F90, line 116
  PASS  Test trace phase enter/exit, ESMF_ProfileUTest.F90, line 116
  PASS  Test trace phase enter/exit, ESMF_ProfileUTest.F90, line 116
  PASS  Close trace, ESMF_ProfileUTest.F90, line 127
  Ending Test, file ESMF_ProfileUTest.F90, line 138
  PASS  Close trace, ESMF_ProfileUTest.F90, line 127
  Ending Test, file ESMF_ProfileUTest.F90, line 138
  PASS  Close trace, ESMF_ProfileUTest.F90, line 127
  Ending Test, file ESMF_ProfileUTest.F90, line 138
  PASS  Close trace, ESMF_ProfileUTest.F90, line 127
  Ending Test, file ESMF_ProfileUTest.F90, line 138
  PASS  Close trace, ESMF_ProfileUTest.F90, line 127
  Ending Test, file ESMF_ProfileUTest.F90, line 138
  PASS  Close trace, ESMF_ProfileUTest.F90, line 127
  Ending Test, file ESMF_ProfileUTest.F90, line 138
  PASS  Close trace, ESMF_ProfileUTest.F90, line 127
  Ending Test, file ESMF_ProfileUTest.F90, line 138
  PASS  Close trace, ESMF_ProfileUTest.F90, line 127
  Ending Test, file ESMF_ProfileUTest.F90, line 138
  PET           1  Test Elapsed Time    52.036999999999999       msec.
  PET           2  Test Elapsed Time    58.652999999999999       msec.
  PET           4  Test Elapsed Time    51.675000000000004       msec.
  PET           5  Test Elapsed Time    55.813999999999993       msec.
  PET           6  Test Elapsed Time    57.720000000000006       msec.
  PET           7  Test Elapsed Time    59.085999999999999       msec.
  PET           0  Test Elapsed Time    40.217000000000006       msec.
  PET           3  Test Elapsed Time    58.911000000000001       msec.
