  Beginning Test, file ESMF_DELayoutWorkQueueUTest.F90, line 170
  NUMBER_OF_PROCESSORS           4
  Beginning Test, file ESMF_DELayoutWorkQueueUTest.F90, line 170
  NUMBER_OF_PROCESSORS           4
  Beginning Test, file ESMF_DELayoutWorkQueueUTest.F90, line 170
  NUMBER_OF_PROCESSORS           4
  Beginning Test, file ESMF_DELayoutWorkQueueUTest.F90, line 170
  NUMBER_OF_PROCESSORS           4
  PASS  GridCompCreate() - round 1, ESMF_DELayoutWorkQueueUTest.F90, line 187
  PASS  GridCompCreate() - round 1, ESMF_DELayoutWorkQueueUTest.F90, line 187
  PASS  GridCompCreate() - round 1, ESMF_DELayoutWorkQueueUTest.F90, line 187
  PASS  GridCompCreate() - round 1, ESMF_DELayoutWorkQueueUTest.F90, line 187
  PASS  GridCompSetServices() - round 1, ESMF_DELayoutWorkQueueUTest.F90, line 193
  PASS  GridCompSetServices() - round 1, ESMF_DELayoutWorkQueueUTest.F90, line 193
  PASS  GridCompSetServices() - round 1, ESMF_DELayoutWorkQueueUTest.F90, line 193
  PASS  GridCompSetServices() - round 1, ESMF_DELayoutWorkQueueUTest.F90, line 193
  PASS  Run work queue - round 1, ESMF_DELayoutWorkQueueUTest.F90, line 201
  PASS  Run work queue - round 1, ESMF_DELayoutWorkQueueUTest.F90, line 201
 <round 1> PET            0  time:    1.4090538024902344E-004
 <round 1> PET            3  time:    1.4901161193847656E-004
  PASS  GridCompDestroy() - round 1, ESMF_DELayoutWorkQueueUTest.F90, line 209
  PASS  GridCompDestroy() - round 1, ESMF_DELayoutWorkQueueUTest.F90, line 209
  PASS  Run work queue - round 1, ESMF_DELayoutWorkQueueUTest.F90, line 201
 <round 1> PET            1  time:    4.0133919715881348     
  PASS  GridCompDestroy() - round 1, ESMF_DELayoutWorkQueueUTest.F90, line 209
  PASS  Run work queue - round 1, ESMF_DELayoutWorkQueueUTest.F90, line 201
 <round 1> PET            2  time:    6.0133829116821289     
  PASS  GridCompDestroy() - round 1, ESMF_DELayoutWorkQueueUTest.F90, line 209
  PASS  GridCompCreate() - round 2, ESMF_DELayoutWorkQueueUTest.F90, line 217
  PASS  GridCompCreate() - round 2, ESMF_DELayoutWorkQueueUTest.F90, line 217
  PASS  GridCompCreate() - round 2, ESMF_DELayoutWorkQueueUTest.F90, line 217
  PASS  GridCompCreate() - round 2, ESMF_DELayoutWorkQueueUTest.F90, line 217
 *** hi from mygcomp_setvm_withthreads ***
 *** hi from mygcomp_setvm_withthreads ***
  PASS  GridCompSetVM() - round 2, ESMF_DELayoutWorkQueueUTest.F90, line 227
  PASS  GridCompSetVM() - round 2, ESMF_DELayoutWorkQueueUTest.F90, line 227
 *** hi from mygcomp_setvm_withthreads ***
 *** hi from mygcomp_setvm_withthreads ***
  PASS  GridCompSetVM() - round 2, ESMF_DELayoutWorkQueueUTest.F90, line 227
  PASS  GridCompSetVM() - round 2, ESMF_DELayoutWorkQueueUTest.F90, line 227
  PASS  GridCompSetServices() - round 2, ESMF_DELayoutWorkQueueUTest.F90, line 233
  PASS  GridCompSetServices() - round 2, ESMF_DELayoutWorkQueueUTest.F90, line 233
  PASS  GridCompSetServices() - round 2, ESMF_DELayoutWorkQueueUTest.F90, line 233
  PASS  GridCompSetServices() - round 2, ESMF_DELayoutWorkQueueUTest.F90, line 233
  PASS  Run work queue - round 2, ESMF_DELayoutWorkQueueUTest.F90, line 241
 <round 2> PET            0  time:    2.5422658920288086     
  PASS  Run work queue - round 2, ESMF_DELayoutWorkQueueUTest.F90, line 241
 <round 2> PET            1  time:    2.5422658920288086     
  PASS  Run work queue - round 2, ESMF_DELayoutWorkQueueUTest.F90, line 241
 <round 2> PET            2  time:    2.5422689914703369     
  PASS  Run work queue - round 2, ESMF_DELayoutWorkQueueUTest.F90, line 241
 <round 2> PET            3  time:    2.5422649383544922     
  PASS  GridCompDestroy() - round 2, ESMF_DELayoutWorkQueueUTest.F90, line 249
  PASS  GridCompDestroy() - round 2, ESMF_DELayoutWorkQueueUTest.F90, line 249
  Ending Test, file ESMF_DELayoutWorkQueueUTest.F90, line 257
  Ending Test, file ESMF_DELayoutWorkQueueUTest.F90, line 257
  PASS  GridCompDestroy() - round 2, ESMF_DELayoutWorkQueueUTest.F90, line 249
  Ending Test, file ESMF_DELayoutWorkQueueUTest.F90, line 257
  PASS  GridCompDestroy() - round 2, ESMF_DELayoutWorkQueueUTest.F90, line 249
  Ending Test, file ESMF_DELayoutWorkQueueUTest.F90, line 257
  PET           2  Test Elapsed Time    6090.0030000000006       msec.
  PET           3  Test Elapsed Time    6063.5759999999991       msec.
  PET           0  Test Elapsed Time    16045.189000000000       msec.
  PET           1  Test Elapsed Time    6059.1979999999994       msec.
