  Beginning Test, file ESMF_InitMacrosUTest.F90, line 78
  Beginning Test, file ESMF_InitMacrosUTest.F90, line 78
  NUMBER_OF_PROCESSORS           4
  Beginning Test, file ESMF_InitMacrosUTest.F90, line 78
  NUMBER_OF_PROCESSORS           4
  PASS  Testing ESMF_INIT_CHECK_SET_SHALLOW, ESMF_InitMacrosUTest.F90, line 89
  Beginning Test, file ESMF_InitMacrosUTest.F90, line 78
  NUMBER_OF_PROCESSORS           4
  PASS  Testing ESMF_INIT_CHECK_SET_SHALLOW, ESMF_InitMacrosUTest.F90, line 89
  NUMBER_OF_PROCESSORS           4
  PASS  Testing ESMF_INIT_CHECK_SET_SHALLOW, ESMF_InitMacrosUTest.F90, line 89
  PASS  Testing ESMF_INIT_CHECK_SET_SHALLOW, ESMF_InitMacrosUTest.F90, line 89
  PASS  Testing undefined object in ESMF_INIT_CHECK_DEEP, ESMF_InitMacrosUTest.F90, line 99
  PASS  Testing created object in ESMF_INIT_CHECK_DEEP, ESMF_InitMacrosUTest.F90, line 108
  PASS  Testing undefined object in ESMF_INIT_CHECK_DEEP, ESMF_InitMacrosUTest.F90, line 99
  PASS  Testing created object in ESMF_INIT_CHECK_DEEP, ESMF_InitMacrosUTest.F90, line 108
  PASS  Testing undefined object in ESMF_INIT_CHECK_DEEP, ESMF_InitMacrosUTest.F90, line 99
  PASS  Testing created object in ESMF_INIT_CHECK_DEEP, ESMF_InitMacrosUTest.F90, line 108
  PASS  Testing undefined object in ESMF_INIT_CHECK_DEEP, ESMF_InitMacrosUTest.F90, line 99
  PASS  Testing created object in ESMF_INIT_CHECK_DEEP, ESMF_InitMacrosUTest.F90, line 108
  PASS  Testing deleted object in ESMF_INIT_CHECK_DEEP, ESMF_InitMacrosUTest.F90, line 117
  PASS  Testing deleted object in ESMF_INIT_CHECK_DEEP, ESMF_InitMacrosUTest.F90, line 117
  PASS  Testing deleted object in ESMF_INIT_CHECK_DEEP, ESMF_InitMacrosUTest.F90, line 117
  PASS  Testing deleted object in ESMF_INIT_CHECK_DEEP, ESMF_InitMacrosUTest.F90, line 117
  Ending Test, file ESMF_InitMacrosUTest.F90, line 127
  Ending Test, file ESMF_InitMacrosUTest.F90, line 127
  Ending Test, file ESMF_InitMacrosUTest.F90, line 127
  Ending Test, file ESMF_InitMacrosUTest.F90, line 127
  PET           1  Test Elapsed Time    16.904999999999998       msec.
  PET           3  Test Elapsed Time    16.898999999999997       msec.
  PET           0  Test Elapsed Time    3.4089999999999954       msec.
  PET           2  Test Elapsed Time    16.805000000000000       msec.
